reg__28: 
case__30: 
logic__94: 
reg__24: 
reg__55: 
mycpu_top: 
datapath__3: 
reg__20: 
muxpart: 
reg__42: 
case__42: 
logic__119: 
reg__18: 
reg__13: 
reg__25: 
reg__16: 
logic__3: 
logic__267: 
reg__11: 
reg__31: 
case__39: 
muxpart__17: 
case__85: 
logic__93: 
reg__12: 
reg__35: 
case__86: 
logic__31: 
logic__62: 
case__53: 
logic__86: 
reg__30: 
logic__6: 
reg__64: 
logic__95: 
muxpart__19: 
case__84: 
logic__63: 
case__47: 
logic__250: 
case__82: 
reg__14: 
reg__54: 
logic__34: 
reg__15: 
reg__26: 
case__54: 
logic__79: 
case__81: 
counter__1: 
logic__5: 
logic__112: 
case__6: 
logic__158: 
logic__89: 
logic__200: 
spram: 
logic__117: 
bridge_1x2: 
reg__6: 
logic__202: 
logic__164: 
reg__45: 
reg__37: 
datapath__6: 
case__31: 
case__5: 
logic__96: 
logic__167: 
logic__194: 
reg__4: 
case__88: 
logic__266: 
logic__130: 
reg__34: 
dist_mem_gen_v8_0_13: 
logic__203: 
counter: 
case__78: 
logic__99: 
logic__263: 
reg__57: 
case__2: 
logic__151: 
logic__75: 
logic__227: 
logic__98: 
reg__52: 
reg__48: 
logic__199: 
logic__66: 
logic__165: 
reg__21: 
reg__60: 
datapath: 
case__59: 
case__83: 
datapath__4: 
reg__33: 
logic__100: 
reg__44: 
logic__106: 
reg__59: 
case__61: 
logic__33: 
counter__5: 
logic__246: 
counter__2: 
reg__49: 
reg__32: 
reg__23: 
case__49: 
logic__198: 
case__46: 
datapath__2: 
logic__254: 
logic__35: 
decoder_4_16: 
logic__73: 
muxpart__20: 
logic__113: 
logic__257: 
logic__205: 
logic__195: 
case__29: 
case__37: 
logic__76: 
logic__243: 
reg__5: 
reg__43: 
logic__32: 
logic__142: 
case__38: 
logic__154: 
case__87: 
counter__3: 
case__26: 
reg__51: 
logic__87: 
logic__111: 
case__48: 
data_ram: 
logic__237: 
logic__65: 
reg__61: 
reg__36: 
logic: 
logic__29: 
case__4: 
logic__120: 
reg__17: 
decoder_2_4: 
reg__7: 
logic__127: 
counter__4: 
logic__139: 
logic__223: 
case__43: 
logic__157: 
reg__47: 
logic__253: 
logic__102: 
logic__124: 
logic__91: 
logic__136: 
logic__4: 
datapath__5: 
reg__50: 
reg__19: 
reg__62: 
reg__8: 
reg__10: 
logic__97: 
logic__197: 
reg__29: 
keep__1: 
logic__74: 
logic__193: 
case__3: 
logic__92: 
keep: 
logic__228: 
reg__56: 
reg: 
logic__234: 
case__60: 
logic__166: 
logic__109: 
logic__204: 
logic__196: 
soc_lite_top: 
logic__105: 
logic__191: 
reg__27: 
decoder_5_32: 
confreg: 
case__36: 
logic__145: 
case__89: 
case__45: 
regfile: 
dist_mem_gen_v8_0_13_synth: 
reg__63: 
logic__88: 
logic__201: 
case__35: 
reg__1: 
case__51: 
case__58: 
reg__9: 
logic__260: 
logic__192: 
logic__90: 
case__41: 
reg__53: 
logic__121: 
logic__206: 
datapath__1: 
case__1: 
reg__40: 
case__57: 
logic__80: 
alu: 
case__55: 
reg__41: 
decoder_6_64: 
logic__101: 
reg__22: 
logic__272: 
reg__46: 
logic__30: 
reg__58: 
logic__148: 
logic__7: 
logic__173: 
case__40: 
case__44: 
case__52: 
logic__64: 
case__80: 
logic__170: 
logic__133: 
logic__72: 
case: 
